…or create a new repository on the command line
echo "# GIS-ICS" >> README.md
git init
git add README.md
git commit -m "first commit"
git branch -M main
git remote add origin https://github.com/ezdanapak/GIS-ICS.git
git push -u origin main
…or push an existing repository from the command line
git remote add origin https://github.com/ezdanapak/GIS-ICS.git
git branch -M main
git push -u origin main



PS D:\WEB_GIS\GTU> git clone https://github.com/ezdanapak/GIS-ICS.git
Cloning into 'GIS-ICS'...
warning: You appear to have cloned an empty repository.
PS D:\WEB_GIS\GTU> cd .\GIS-ICS\
PS D:\WEB_GIS\GTU\GIS-ICS> git init
Reinitialized existing Git repository in D:/WEB_GIS/GTU/GIS-ICS/.git/
PS D:\WEB_GIS\GTU\GIS-ICS> git add README.md
fatal: pathspec 'README.md' did not match any files
PS D:\WEB_GIS\GTU\GIS-ICS> git status
On branch main

No commits yet

Untracked files:
  (use "git add <file>..." to include in what will be committed)
        test.md

nothing added to commit but untracked files present (use "git add" to track)
PS D:\WEB_GIS\GTU\GIS-ICS> git add .
PS D:\WEB_GIS\GTU\GIS-ICS> git commit -m "first commit"
[main (root-commit) 2504690] first commit       
 1 file changed, 0 insertions(+), 0 deletions(-)
 create mode 100644 test.md
PS D:\WEB_GIS\GTU\GIS-ICS> git branch -M main
PS D:\WEB_GIS\GTU\GIS-ICS> git remote add origin https://github.com/ezdanapak/GIS-ICS.git
error: remote origin already exists.
PS D:\WEB_GIS\GTU\GIS-ICS> git push -u origin main
Enumerating objects: 3, done.
Counting objects: 100% (3/3), done.
Writing objects: 100% (3/3), 210 bytes | 210.00 KiB/s, done. 
Total 3 (delta 0), reused 0 (delta 0), pack-reused 0 (from 0)
To https://github.com/ezdanapak/GIS-ICS.git 
 * [new branch]      main -> main
branch 'main' set up to track 'origin/main'.
PS D:\WEB_GIS\GTU\GIS-ICS> 




mkdocs new [dir-name] - Create a new project.
mkdocs serve - Start the live-reloading docs server.
mkdocs build - Build the documentation site.
mkdocs -h - Print help message and exit.


pip freeze > requirements.txt
pip install -r requirements.txt

